// Jest Snapshot v1, https://goo.gl/fbAQLP

exports[`user.aggregate should get valid values 1`] = `
Array [
  TermValueObject {
    "props": Object {
      "acceptedAt": DateValueObject {
        "ONE_DAY": 86400000,
        "ONE_HOUR": 3600000,
        "ONE_MINUTE": 60000,
        "ONE_MONTH": 2678400000,
        "ONE_WEEK": 604800000,
        "ONE_YEAR": 31622400000,
        "props": Object {
          "value": 2022-01-01T00:00:00.000Z,
        },
      },
      "ip": IpValueObject {
        "props": Object {
          "value": "127.0.0.1",
        },
      },
      "isAccepted": true,
      "userAgent": Object {
        "name": "firefox",
        "os": "linux",
        "type": "browser",
        "version": "86.0.1",
      },
    },
  },
]
`;
