// Jest Snapshot v1, https://goo.gl/fbAQLP

exports[`budget-box.aggregate should create a valid budget-box aggregate with 100% if provide not percentage 1`] = `
Object {
  "balanceAvailable": Object {
    "currency": "BRL",
    "value": 1000,
  },
  "budgetPercentage": 50,
  "createdAt": 2022-01-01T00:00:00.000Z,
  "deletedAt": undefined,
  "description": "valid_description",
  "id": "valid_id",
  "isDeleted": false,
  "isPercentage": true,
  "ownerId": "valid_owner_id",
  "reasons": Array [
    Object {
      "createdAt": 2022-01-01T00:00:00.000Z,
      "deletedAt": undefined,
      "description": "valid_description",
      "id": "valid_id",
      "isDeleted": false,
      "updatedAt": 2022-01-01T00:00:00.000Z,
    },
  ],
  "updatedAt": 2022-01-01T00:00:00.000Z,
}
`;
